// Jest Snapshot v1, https://goo.gl/fbAQLP

exports[`pages/admin/notification/_id.vue snapshot test renders correctly 1`] = `
<section class="section">
  <h1 class="title">Update Notification</h1>
  <div class="field"><label class="label">Title</label>
    <div class="control is-clearfix"><input type="text" autocomplete="on" required="required" class="input">
      <!---->
      <!---->
      <!---->
    </div>
    <!---->
  </div>
  <div class="field"><label class="label">Body</label>
    <div class="control is-clearfix"><textarea required="required" class="textarea"></textarea>
      <!---->
      <!---->
      <!---->
    </div>
    <!---->
  </div>
  <div class="field">
    <!----><label class="switch is-rounded"><input type="checkbox" true-value="true" value="false"><span class="check"></span><span class="control-label">ピン留めする</span></label>
    <!---->
  </div>
  <div class="field"><label class="label">Type</label>
    <div class="control"><span class="select"><select><!----><option value="is-info">情報</option> <option value="is-warning">警告</option> <option value="is-danger">エラー</option></select></span>
      <!---->
    </div>
    <!---->
  </div>
  <div class="field"><label class="label">Icon</label>
    <div class="field">
      <!---->
      <div class="field-body">
        <div class="field is-grouped">
          <!---->
          <div class="control has-icons-right is-clearfix"><input type="text" autocomplete="on" class="input">
            <!----><span class="icon is-right"><i class="mdi mdi-info mdi-24px"></i></span>
            <!---->
          </div> <a type="button" href="https://materialdesignicons.com/" class="button is-text">
            <!----><span>
        参考ページ
      </span>
            <!---->
          </a>
          <!---->
        </div>
      </div>
      <!---->
    </div>
    <!---->
  </div>
  <div class="field">
    <!----><button type="button" class="button is-success">
      <!----><span>
      Save
    </span>
      <!---->
    </button>
    <!---->
  </div>
</section>
`;
