// Jest Snapshot v1, https://goo.gl/fbAQLP

exports[`pages/import.vue renders correctly 1`] = `
<section class="section">
  <h1 class="title">スコアのインポート</h1>
  <h2 class="subtitle">e-amusementサイトからインポート</h2>
  <div class="content">
    <p>
      公式サイトの「楽曲データ一覧」ページより、スコアを取得します。<wbr> <strong>
        公式サイトでのスコア閲覧には、ベーシックコースへの加入が必要です。
      </strong></p>
    <div class="field"><label class="label">HTMLソース</label>
      <div class="control is-clearfix"><textarea required="required" class="textarea"></textarea>
        <!---->
        <!---->
        <!---->
      </div>
      <!---->
    </div>
    <div class="field">
      <!----> <button type="button" disabled="disabled" class="button is-success">
        <!----> <span>
        登録
      </span>
        <!----></button>
      <!---->
    </div>
  </div>
</section>
`;
