// Jest Snapshot v1, https://goo.gl/fbAQLP

exports[`/components/pages/songs/ChartDetail.vue snapshot test renders correctly 1`] = `
<section>
  <scoreboard-stub info="[object Object]" chart="[object Object]"></scoreboard-stub>
  <div class="collapse card">
    <div class="collapse-trigger">
      <header role="button" aria-controls="Chart Info" class="card-header is-beginner">
        <div class="card-header-title">Chart Info</div> <a class="card-header-icon"><span class="icon"><i class="mdi mdi-menu-up mdi-24px"></i></span></a>
      </header>
    </div>
    <transition-stub name="slide">
      <div id="Chart Info" class="collapse-content" style="display: none;">
        <div class="card-content">
          <div class="content">
            <ul>
              <li><em>Notes</em>: 138</li>
              <li><em>Freeze Arrow</em>: 0</li>
              <li><em>Shock Arrow</em>: 0</li>
            </ul>
          </div>
          <div class="table-container">
            <table class="table">
              <thead>
                <tr>
                  <th><abbr title="STREAM">STR</abbr></th>
                  <th><abbr title="VOLTAGE">VOL</abbr></th>
                  <th>AIR</th>
                  <th><abbr title="FREEZE">FRE</abbr></th>
                  <th><abbr title="CHAOS">CHA</abbr></th>
                </tr>
              </thead>
              <tbody>
                <tr>
                  <td>29</td>
                  <td>22</td>
                  <td>5</td>
                  <td>0</td>
                  <td>0</td>
                </tr>
              </tbody>
            </table>
          </div>
        </div>
      </div>
    </transition-stub>
  </div>
</section>
`;
